ID,Name,Age,Salary,Department
1,John,28,50000,HR
2,Alice,34,65000,Engineering
3,Bob,45,70000,Sales
4,Eve,29,48000,HR
5,Charlie,30,52000,Engineering
6,David,40,72000,Sales
7,Grace,25,40000,HR
8,Hank,38,68000,Engineering
9,Ivy,32,60000,Sales
10,Judy,27,45000,HR
